Peptide;Length;Allele;Protein;Start;End;SelectedThres;upstream;downstream;RawScore;RawScorePercentile;LengthCorrectedScore;LengthCorrectedScorePercentile
ILFALLQRY;9;A_01:02;P0DTG1;6;14;99.500000;LLQI;YRYK;7.793728;99.800000;7.793728;99.800000
FALLQRYRY;9;A_01:02;P0DTG1;8;16;99.500000;QILF;YKPH;7.523809;99.800000;7.523809;99.800000
LVKPSFYVY;9;A_01:02;P0DTC4;51;59;99.500000;NVSL;YSRV;7.126871;99.800000;7.126871;99.800000
IQYIDIGNY;9;A_01:02;P0DTC8;71;79;99.500000;KSPI;YTVS;6.694571;99.800000;6.694571;99.800000
SFYEDFLEY;9;A_01:02;P0DTC8;103;111;99.500000;VRCS;YHDV;7.002792;99.800000;7.002792;99.800000
YANRNRFLY;9;A_01:02;P0DTC5;39;47;99.500000;QFAY;YIIK;7.115165;99.800000;7.115165;99.800000
LIMLIIFWF;9;A_01:02;P0DTD8;22;30;99.500000;FLVL;FSLE;6.280637;99.700000;6.280637;99.700000
FLYIIKLIF;9;A_01:02;P0DTC5;45;53;99.500000;RNRF;FLWL;5.935676;99.600000;5.935676;99.600000
ILIVTTIVY;9;A_01:02;P0DTF1;10;18;99.500000;FAGI;YLTI;7.585074;99.800000;7.585074;99.800000
LLLLFVTVY;9;A_01:02;P0DTC3;83;91;99.500000;VCNL;YSHL;6.738582;99.800000;6.738582;99.800000
LEAPFLYLY;9;A_01:02;P0DTC3;101;109;99.500000;AAGL;YALV;5.905208;99.600000;5.905208;99.600000
FLYLYALVY;9;A_01:02;P0DTC3;105;113;99.500000;EAPF;YFLQ;8.449118;99.800000;8.449118;99.800000
NSFTRGVYY;9;A_01:02;P0DTC2;30;38;99.500000;AYTN;YPDK;5.868617;99.600000;5.868617;99.600000
VATSRTLSY;9;A_01:02;P0DTC5;170;178;99.500000;EITV;YYKL;5.527716;99.500000;5.527716;99.500000
ATSRTLSYY;9;A_01:02;P0DTC5;171;179;99.500000;ITVA;YKLG;5.527212;99.500000;5.527212;99.500000
HVGEIPVAY;9;A_01:02;P0DTD1;110;118;99.500000;LVPH;YRKV;6.864675;99.800000;6.864675;99.800000
YSRYRIGNY;9;A_01:02;P0DTC5;196;204;99.500000;FAAY;YKLN;5.773777;99.600000;5.773777;99.600000
FTSDYYQLY;9;A_01:02;P0DTC3;207;215;99.500000;HSYF;YSTQ;8.176127;99.800000;8.176127;99.800000
VFAFPFTIY;9;A_01:02;A0A663DJA2;6;14;99.500000;YINV;YSLL;6.454061;99.700000;6.454061;99.700000
FVFKNIDGY;9;A_01:02;P0DTC2;192;200;99.500000;LREF;YFKI;6.356212;99.700000;6.356212;99.700000
HVGEIPVAY;9;A_01:02;P0DTC1;110;118;99.500000;LVPH;YRKV;6.864675;99.800000;6.864675;99.800000
TLLALHRSY;9;A_01:02;P0DTC2;240;248;99.500000;RFQT;YLTP;5.766530;99.600000;5.766530;99.600000
FMGRIRSVY;9;A_01:02;P0DTD1;296;304;99.500000;LDGF;YPVA;6.103765;99.700000;6.103765;99.700000
WTAGAAAYY;9;A_01:02;P0DTC2;258;266;99.500000;SSGW;YVGY;5.861728;99.600000;5.861728;99.600000
FMGRIRSVY;9;A_01:02;P0DTC1;296;304;99.500000;LDGF;YPVA;6.103765;99.700000;6.103765;99.700000
TILDGISQY;9;A_01:02;P0DTD1;568;576;99.500000;AAIT;YSLR;7.136046;99.800000;7.136046;99.800000
LTNIFGTVY;9;A_01:02;P0DTD1;613;621;99.500000;SQWL;YEKL;6.995158;99.800000;6.995158;99.800000
TSNQVAVLY;9;A_01:02;P0DTC2;604;612;99.500000;GTNT;YQDV;5.880880;99.600000;5.880880;99.600000
TILDGISQY;9;A_01:02;P0DTC1;568;576;99.500000;AAIT;YSLR;7.136046;99.800000;7.136046;99.800000
LTNIFGTVY;9;A_01:02;P0DTC1;613;621;99.500000;SQWL;YEKL;6.995158;99.800000;6.995158;99.800000
VASQSIIAY;9;A_01:02;P0DTC2;687;695;99.500000;ARSV;YTMS;6.919839;99.800000;6.919839;99.800000
VFAQVKQIY;9;A_01:02;P0DTC2;781;789;99.500000;TQEV;YKTP;6.037025;99.600000;6.037025;99.600000
YLKLTDNVY;9;A_01:02;P0DTD1;1031;1039;99.500000;FSGY;YIKN;5.429722;99.500000;5.429722;99.500000
LTDEMIAQY;9;A_01:02;P0DTC2;865;873;99.500000;PPLL;YTSA;7.770637;99.800000;7.770637;99.800000
IPFAMQMAY;9;A_01:02;P0DTC2;896;904;99.500000;ALQI;YRFN;6.389010;99.700000;6.389010;99.700000
YLKLTDNVY;9;A_01:02;P0DTC1;1031;1039;99.500000;FSGY;YIKN;5.429722;99.500000;5.429722;99.500000
FLTENLLLY;9;A_01:02;P0DTD1;1248;1256;99.500000;ETKF;YIDI;8.606080;99.800000;8.606080;99.800000
IVSTIQRKY;9;A_01:02;P0DTD1;1398;1406;99.500000;TKAI;YKGI;5.884112;99.600000;5.884112;99.600000
EQYIKWPWY;9;A_01:02;P0DTC2;1207;1215;99.500000;GKYE;YIWL;5.599975;99.500000;5.599975;99.500000
FLTENLLLY;9;A_01:02;P0DTC1;1248;1256;99.500000;ETKF;YIDI;8.606080;99.800000;8.606080;99.800000
VLKGVKLHY;9;A_01:02;P0DTC2;1264;1272;99.500000;SEPV;YT__;5.872673;99.600000;5.872673;99.600000
QVVDMSMTY;9;A_01:02;P0DTD1;1582;1590;99.500000;LHTQ;YGQQ;5.911952;99.600000;5.911952;99.600000
IVSTIQRKY;9;A_01:02;P0DTC1;1398;1406;99.500000;TKAI;YKGI;5.884112;99.600000;5.884112;99.600000
VMYMGTLSY;9;A_01:02;P0DTD1;1768;1776;99.500000;VEAV;YEQF;7.208374;99.800000;7.208374;99.800000
QVVDMSMTY;9;A_01:02;P0DTC1;1582;1590;99.500000;LHTQ;YGQQ;5.911952;99.600000;5.911952;99.600000
MMSAPPAQY;9;A_01:02;P0DTD1;1806;1814;99.500000;PFVM;YELK;7.168617;99.800000;7.168617;99.800000
VVAIDYKHY;9;A_01:02;P0DTD1;1967;1975;99.500000;NGDV;YTPS;5.925516;99.600000;5.925516;99.600000
VMYMGTLSY;9;A_01:02;P0DTC1;1768;1776;99.500000;VEAV;YEQF;7.208374;99.800000;7.208374;99.800000
MMSAPPAQY;9;A_01:02;P0DTC1;1806;1814;99.500000;PFVM;YELK;7.168617;99.800000;7.168617;99.800000
VPWDTIANY;9;A_01:02;P0DTD1;2133;2141;99.500000;VNSV;YAKP;5.776121;99.600000;5.776121;99.600000
VVAIDYKHY;9;A_01:02;P0DTC1;1967;1975;99.500000;NGDV;YTPS;5.925516;99.600000;5.925516;99.600000
KLINIIIWF;9;A_01:02;P0DTD1;2225;2233;99.500000;NFSK;FLLL;5.860954;99.600000;5.860954;99.600000
MSNLGMPSY;9;A_01:02;P0DTD1;2254;2262;99.500000;GVLM;YCTG;6.339151;99.700000;6.339151;99.700000
STNVTIATY;9;A_01:02;P0DTD1;2273;2281;99.500000;YLNS;YCTG;6.964622;99.800000;6.964622;99.800000
LVAEWFLAY;9;A_01:02;P0DTD1;2323;2331;99.500000;AFGL;YILF;9.210503;99.800000;9.210503;99.800000
YILFTRFFY;9;A_01:02;P0DTD1;2331;2339;99.500000;FLAY;YVLG;7.324661;99.800000;7.324661;99.800000
VPWDTIANY;9;A_01:02;P0DTC1;2133;2141;99.500000;VNSV;YAKP;5.776121;99.600000;5.776121;99.600000
AIMQLFFSY;9;A_01:02;P0DTD1;2345;2353;99.500000;GLAA;YFAV;7.742114;99.800000;7.742114;99.800000
MYIFFASFY;9;A_01:02;P0DTD1;2383;2391;99.500000;MVRM;YYVW;7.655414;99.800000;7.655414;99.800000
YIFFASFYY;9;A_01:02;P0DTD1;2384;2392;99.500000;VRMY;YVWK;7.904751;99.800000;7.904751;99.800000
KLINIIIWF;9;A_01:02;P0DTC1;2225;2233;99.500000;NFSK;FLLL;5.860954;99.600000;5.860954;99.600000
MSNLGMPSY;9;A_01:02;P0DTC1;2254;2262;99.500000;GVLM;YCTG;6.339151;99.700000;6.339151;99.700000
STNVTIATY;9;A_01:02;P0DTC1;2273;2281;99.500000;YLNS;YCTG;6.964622;99.800000;6.964622;99.800000
LVAEWFLAY;9;A_01:02;P0DTC1;2323;2331;99.500000;AFGL;YILF;9.210503;99.800000;9.210503;99.800000
YILFTRFFY;9;A_01:02;P0DTC1;2331;2339;99.500000;FLAY;YVLG;7.324661;99.800000;7.324661;99.800000
AIMQLFFSY;9;A_01:02;P0DTC1;2345;2353;99.500000;GLAA;YFAV;7.742114;99.800000;7.742114;99.800000
MYIFFASFY;9;A_01:02;P0DTC1;2383;2391;99.500000;MVRM;YYVW;7.655414;99.800000;7.655414;99.800000
YIFFASFYY;9;A_01:02;P0DTC1;2384;2392;99.500000;VRMY;YVWK;7.904751;99.800000;7.904751;99.800000
FLFVAAIFY;9;A_01:02;P0DTD1;2780;2788;99.500000;TLVF;YLIT;7.978759;99.800000;7.978759;99.800000
YTPSKLIEY;9;A_01:02;P0DTD1;2897;2905;99.500000;NICY;YTDF;6.586917;99.800000;6.586917;99.800000
NVLEGSVAY;9;A_01:02;P0DTD1;2937;2945;99.500000;YDTN;YESL;7.018060;99.800000;7.018060;99.800000
SIIQFPNTY;9;A_01:02;P0DTD1;2960;2968;99.500000;MDGS;YLEG;7.612942;99.800000;7.612942;99.800000
FLFVAAIFY;9;A_01:02;P0DTC1;2780;2788;99.500000;TLVF;YLIT;7.978759;99.800000;7.978759;99.800000
GVYSVIYLY;9;A_01:02;P0DTD1;3103;3111;99.500000;FLPG;YLTF;7.480403;99.800000;7.480403;99.800000
VIYLYLTFY;9;A_01:02;P0DTD1;3107;3115;99.500000;VYSV;YLTN;7.611323;99.800000;7.611323;99.800000
YTPSKLIEY;9;A_01:02;P0DTC1;2897;2905;99.500000;NICY;YTDF;6.586917;99.800000;6.586917;99.800000
NVLEGSVAY;9;A_01:02;P0DTC1;2937;2945;99.500000;YDTN;YESL;7.018060;99.800000;7.018060;99.800000
VPFWITIAY;9;A_01:02;P0DTD1;3136;3144;99.500000;TPLV;YIIC;6.575070;99.800000;6.575070;99.800000
SIIQFPNTY;9;A_01:02;P0DTC1;2960;2968;99.500000;MDGS;YLEG;7.612942;99.800000;7.612942;99.800000
HFYWFFSNY;9;A_01:02;P0DTD1;3152;3160;99.500000;STKH;YLKR;6.272843;99.700000;6.272843;99.700000
GVYSVIYLY;9;A_01:02;P0DTC1;3103;3111;99.500000;FLPG;YLTF;7.480403;99.800000;7.480403;99.800000
VIYLYLTFY;9;A_01:02;P0DTC1;3107;3115;99.500000;VYSV;YLTN;7.611323;99.800000;7.611323;99.800000
VPFWITIAY;9;A_01:02;P0DTC1;3136;3144;99.500000;TPLV;YIIC;6.575070;99.800000;6.575070;99.800000
TANPKTPKY;9;A_01:02;P0DTD1;3356;3364;99.500000;KVDT;YKFV;5.438235;99.500000;5.438235;99.500000
HFYWFFSNY;9;A_01:02;P0DTC1;3152;3160;99.500000;STKH;YLKR;6.272843;99.700000;6.272843;99.700000
TVNVLAWLY;9;A_01:02;P0DTD1;3464;3472;99.500000;TTIT;YAAV;7.063466;99.800000;7.063466;99.800000
TANPKTPKY;9;A_01:02;P0DTC1;3356;3364;99.500000;KVDT;YKFV;5.438235;99.500000;5.438235;99.500000
TVAYFNMVY;9;A_01:02;P0DTD1;3646;3654;99.500000;SLAT;YMPA;6.095533;99.600000;6.095533;99.600000
TVNVLAWLY;9;A_01:02;P0DTC1;3464;3472;99.500000;TTIT;YAAV;7.063466;99.800000;7.063466;99.800000
ILMTARTVY;9;A_01:02;P0DTD1;3693;3701;99.500000;VLLI;YDDG;6.222682;99.700000;6.222682;99.700000
LMNVLTLVY;9;A_01:02;P0DTD1;3711;3719;99.500000;VWTL;YKVY;6.825454;99.800000;6.825454;99.800000
LTLVYKVYY;9;A_01:02;P0DTD1;3715;3723;99.500000;MNVL;YGNA;5.876560;99.600000;5.876560;99.600000
LIISVTSNY;9;A_01:02;P0DTD1;3736;3744;99.500000;MWAL;YSGV;6.573168;99.800000;6.573168;99.800000
TVAYFNMVY;9;A_01:02;P0DTC1;3646;3654;99.500000;SLAT;YMPA;6.095533;99.600000;6.095533;99.600000
ILMTARTVY;9;A_01:02;P0DTC1;3693;3701;99.500000;VLLI;YDDG;6.222682;99.700000;6.222682;99.700000
LMNVLTLVY;9;A_01:02;P0DTC1;3711;3719;99.500000;VWTL;YKVY;6.825454;99.800000;6.825454;99.800000
LTLVYKVYY;9;A_01:02;P0DTC1;3715;3723;99.500000;MNVL;YGNA;5.876560;99.600000;5.876560;99.600000
LIISVTSNY;9;A_01:02;P0DTC1;3736;3744;99.500000;MWAL;YSGV;6.573168;99.800000;6.573168;99.800000
VVIPDYNTY;9;A_01:02;P0DTD1;4072;4080;99.500000;KLMV;YKNT;7.638297;99.800000;7.638297;99.800000
FAVDAAKAY;9;A_01:02;P0DTD1;4272;4280;99.500000;FCAF;YKDY;5.706227;99.500000;5.706227;99.500000
VVIPDYNTY;9;A_01:02;P0DTC1;4072;4080;99.500000;KLMV;YKNT;7.638297;99.800000;7.638297;99.800000
VVYRAFDIY;9;A_01:02;P0DTD1;4422;4430;99.500000;STDV;YNDK;5.927890;99.600000;5.927890;99.600000
FAVDAAKAY;9;A_01:02;P0DTC1;4272;4280;99.500000;FCAF;YKDY;5.706227;99.500000;5.706227;99.500000
ISRQRLTKY;9;A_01:02;P0DTD1;4506;4514;99.500000;VPHI;YTMA;5.479335;99.500000;5.479335;99.500000
TLKEILVTY;9;A_01:02;P0DTD1;4533;4541;99.500000;NCDT;YNCC;7.021744;99.800000;7.021744;99.800000
YIKWDLLKY;9;A_01:02;P0DTD1;4657;4665;99.500000;TKPY;YDFT;5.529107;99.500000;5.529107;99.500000
KLFDRYFKY;9;A_01:02;P0DTD1;4673;4681;99.500000;ERLK;YWDQ;5.914437;99.600000;5.914437;99.600000
LSFKELLVY;9;A_01:02;P0DTD1;4758;4766;99.500000;SSRL;YAAD;6.405288;99.700000;6.405288;99.700000
FVVEVVDKY;9;A_01:02;P0DTD1;4863;4871;99.500000;QLLF;YFDC;6.305876;99.700000;6.305876;99.700000
RLYYDSMSY;9;A_01:02;P0DTD1;4905;4913;99.500000;GKAR;YEDQ;5.593709;99.500000;5.593709;99.500000
NVIPTITQM;9;A_01:02;P0DTD1;4926;4934;99.500000;TKRN;MNLK;5.570807;99.500000;5.570807;99.500000
VVIGTSKFY;9;A_01:02;P0DTD1;4979;4987;99.500000;GATV;YGGW;6.025738;99.600000;6.025738;99.600000
FVSLAIDAY;9;A_01:02;P0DTD1;5251;5259;99.500000;IERF;YPLT;6.073083;99.600000;6.073083;99.600000
EYADVFHLY;9;A_01:02;P0DTD1;5268;5276;99.500000;PNQE;YLQY;6.800923;99.800000;6.800923;99.800000
LTNDNTSRY;9;A_01:02;P0DTD1;5299;5307;99.500000;SVML;YWEP;6.950676;99.800000;6.950676;99.800000
QLYLGGMSY;9;A_01:02;P0DTD1;5386;5394;99.500000;DVTQ;YYCK;6.163592;99.700000;6.163592;99.700000
LYLGGMSYY;9;A_01:02;P0DTD1;5387;5395;99.500000;VTQL;YCKS;5.549360;99.500000;5.549360;99.500000
VVYRGTTTY;9;A_01:02;P0DTD1;5533;5541;99.500000;GDAV;YKLN;6.587400;99.800000;6.587400;99.800000
HYVRITGLY;9;A_01:02;P0DTD1;5569;5577;99.500000;PQEH;YPTL;5.451859;99.500000;5.451859;99.500000
HFAIGLALY;9;A_01:02;P0DTD1;5614;5622;99.500000;GKSH;YYPS;6.409928;99.700000;6.409928;99.700000
FAIGLALYY;9;A_01:02;P0DTD1;5615;5623;99.500000;KSHF;YPSA;8.509935;99.800000;8.509935;99.800000
YYPSARIVY;9;A_01:02;P0DTD1;5622;5630;99.500000;LALY;YTAC;5.750449;99.600000;5.750449;99.600000
MTYRRLISM;9;A_01:02;P0DTD1;5974;5982;99.500000;PKDM;MMGF;5.770333;99.600000;5.770333;99.600000
SMMGFKMNY;9;A_01:02;P0DTD1;5981;5989;99.500000;RLIS;YQVN;6.970323;99.800000;6.970323;99.800000
HSIGFDYVY;9;A_01:02;P0DTD1;6154;6162;99.500000;CWHH;YNPF;6.407956;99.700000;6.407956;99.700000
NLKQLPFFY;9;A_01:02;P0DTD1;6363;6371;99.500000;AFVN;YYSD;6.155397;99.700000;6.155397;99.700000
VSIINNTVY;9;A_01:02;P0DTD1;6476;6484;99.500000;EVPV;YTKV;5.990727;99.600000;5.990727;99.600000
AANTVIWDY;9;A_01:02;P0DTD1;6532;6540;99.500000;VDIA;YKRD;5.431245;99.500000;5.431245;99.500000
AVKTQFNYY;9;A_01:02;P0DTD1;6623;6631;99.500000;IGEA;YKKV;5.453006;99.500000;5.453006;99.500000
VVQQLPETY;9;A_01:02;P0DTD1;6637;6645;99.500000;VDGV;YFTQ;6.051342;99.600000;6.051342;99.600000
AMDEFIERY;9;A_01:02;P0DTD1;6669;6677;99.500000;LELA;YKLE;7.409585;99.800000;7.409585;99.800000
NTLTLAVPY;9;A_01:02;P0DTD1;6853;6861;99.500000;QYLN;YNMR;5.713836;99.500000;5.713836;99.500000
