Peptide;Length;Allele;Protein;Start;End;SelectedThres;upstream;downstream;RawScore;RawScorePercentile;LengthCorrectedScore;LengthCorrectedScorePercentile
LSDGLLLAL;9;A_01:01;P0DTG1;21;29;99.500000;PHSL;LHFL;5.547335;99.600000;5.547335;99.600000
LLALHFLLF;9;A_01:01;P0DTG1;26;34;99.500000;DGLL;FFRA;5.829871;99.700000;5.829871;99.700000
LIMLIIFWF;9;A_01:01;P0DTD8;22;30;99.500000;FLVL;FSLE;5.447701;99.600000;5.447701;99.600000
VLPQLEQPY;9;A_01:01;P0DTC1;60;68;99.500000;EKGV;YVFI;5.215602;99.500000;5.215602;99.500000
VFAFPFTIY;9;A_01:01;A0A663DJA2;6;14;99.500000;YINV;YSLL;5.403781;99.500000;5.403781;99.500000
VLPQLEQPY;9;A_01:01;P0DTD1;60;68;99.500000;EKGV;YVFI;5.215602;99.500000;5.215602;99.500000
YANRNRFLY;9;A_01:01;P0DTC5;39;47;99.500000;QFAY;YIIK;6.310561;99.800000;6.310561;99.800000
VAELEGIQY;9;A_01:01;P0DTD1;89;97;99.500000;VELV;YGRS;7.718173;99.800000;7.718173;99.800000
ILIVTTIVY;9;A_01:01;P0DTF1;10;18;99.500000;FAGI;YLTI;5.377350;99.500000;5.377350;99.500000
LVDPQIQLA;9;A_01:01;P0DTD2;14;22;99.500000;ALRL;AVTR;5.231587;99.500000;5.231587;99.500000
FIDTKRGVY;9;A_01:01;P0DTD1;221;229;99.500000;QLDF;YCCR;7.628506;99.800000;7.628506;99.800000
SSDNIALLV;9;A_01:01;P0DTC5;213;221;99.500000;HSSS;VQ__;5.571994;99.600000;5.571994;99.600000
RQEEVQELY;9;A_01:01;P0DTC7;89;97;99.500000;LFIR;YSPI;8.428907;99.800000;8.428907;99.800000
IAEILLIIM;9;A_01:01;P0DTC6;11;19;99.500000;QVTI;MRTF;6.811221;99.800000;6.811221;99.800000
SPDDQIGYY;9;A_01:01;P0DTC9;79;87;99.500000;TNSS;YRRA;6.533813;99.800000;6.533813;99.800000
TQDLFLPFF;9;A_01:01;P0DTC2;51;59;99.500000;LHST;FSNV;7.074445;99.800000;7.074445;99.800000
RFDNPVLPF;9;A_01:01;P0DTC2;78;86;99.500000;GTKR;FNDG;7.392326;99.800000;7.392326;99.800000
VQELYSPIF;9;A_01:01;P0DTC7;93;101;99.500000;QEEV;FLIV;5.210363;99.500000;5.210363;99.500000
YTERSEKSY;9;A_01:01;P0DTD1;241;249;99.500000;IAWY;YELQ;5.752357;99.600000;5.752357;99.600000
VAELEGIQY;9;A_01:01;P0DTC1;89;97;99.500000;VELV;YGRS;7.718173;99.800000;7.718173;99.800000
FLYLYALVY;9;A_01:01;P0DTC3;105;113;99.500000;EAPF;YFLQ;5.930816;99.700000;5.930816;99.700000
WMESEFRVY;9;A_01:01;P0DTC2;152;160;99.500000;NKSW;YSSA;6.622225;99.800000;6.622225;99.800000
FIDTKRGVY;9;A_01:01;P0DTC1;221;229;99.500000;QLDF;YCCR;7.628506;99.800000;7.628506;99.800000
NIDGYFKIY;9;A_01:01;P0DTC2;196;204;99.500000;VFKN;YSKH;7.923606;99.800000;7.923606;99.800000
YTERSEKSY;9;A_01:01;P0DTC1;241;249;99.500000;IAWY;YELQ;5.752357;99.600000;5.752357;99.600000
FTSDYYQLY;9;A_01:01;P0DTC3;207;215;99.500000;HSYF;YSTQ;7.031349;99.800000;7.031349;99.800000
VASQSIIAY;9;A_01:01;P0DTC2;687;695;99.500000;ARSV;YTMS;5.358045;99.500000;5.358045;99.500000
VFAQVKQIY;9;A_01:01;P0DTC2;781;789;99.500000;TQEV;YKTP;5.201841;99.500000;5.201841;99.500000
LYDKLVSSF;9;A_01:01;P0DTD1;1182;1190;99.500000;DKNL;FLEM;5.494864;99.600000;5.494864;99.600000
LTDEMIAQY;9;A_01:01;P0DTC2;865;873;99.500000;PPLL;YTSA;10.613811;99.800000;10.613811;99.800000
FLTENLLLY;9;A_01:01;P0DTD1;1248;1256;99.500000;ETKF;YIDI;6.974383;99.800000;6.974383;99.800000
YIDINGNLH;9;A_01:01;P0DTD1;1256;1264;99.500000;LLLY;HPDS;5.788967;99.700000;5.788967;99.700000
VSDIDITFL;9;A_01:01;P0DTD1;1271;1279;99.500000;ATLV;LKKD;5.843348;99.700000;5.843348;99.700000
PTDNYITTY;9;A_01:01;P0DTD1;1321;1329;99.500000;RKVP;YPGQ;7.008265;99.800000;7.008265;99.800000
LYDKLVSSF;9;A_01:01;P0DTC1;1182;1190;99.500000;DKNL;FLEM;5.494864;99.600000;5.494864;99.600000
VVDYGARFY;9;A_01:01;P0DTD1;1415;1423;99.500000;QEGV;YFYT;8.047556;99.800000;8.047556;99.800000
VYDPLQPEL;9;A_01:01;P0DTC2;1137;1145;99.500000;NNTV;LDSF;6.329818;99.800000;6.329818;99.800000
FLTENLLLY;9;A_01:01;P0DTC1;1248;1256;99.500000;ETKF;YIDI;6.974383;99.800000;6.974383;99.800000
YIDINGNLH;9;A_01:01;P0DTC1;1256;1264;99.500000;LLLY;HPDS;5.788967;99.700000;5.788967;99.700000
VSDIDITFL;9;A_01:01;P0DTC1;1271;1279;99.500000;ATLV;LKKD;5.843348;99.700000;5.843348;99.700000
HLDGEVITF;9;A_01:01;P0DTD1;1545;1553;99.500000;TTFH;FDNL;7.063761;99.800000;7.063761;99.800000
PTDNYITTY;9;A_01:01;P0DTC1;1321;1329;99.500000;RKVP;YPGQ;7.008265;99.800000;7.008265;99.800000
VVDYGARFY;9;A_01:01;P0DTC1;1415;1423;99.500000;QEGV;YFYT;8.047556;99.800000;8.047556;99.800000
MMSAPPAQY;9;A_01:01;P0DTD1;1806;1814;99.500000;PFVM;YELK;5.277541;99.500000;5.277541;99.500000
HLDGEVITF;9;A_01:01;P0DTC1;1545;1553;99.500000;TTFH;FDNL;7.063761;99.800000;7.063761;99.800000
EIDPKLDNY;9;A_01:01;P0DTD1;1891;1899;99.500000;VCTE;YYKK;6.731839;99.800000;6.731839;99.800000
MMSAPPAQY;9;A_01:01;P0DTC1;1806;1814;99.500000;PFVM;YELK;5.277541;99.500000;5.277541;99.500000
EIDPKLDNY;9;A_01:01;P0DTC1;1891;1899;99.500000;VCTE;YYKK;6.731839;99.800000;6.731839;99.800000
LVAEWFLAY;9;A_01:01;P0DTD1;2323;2331;99.500000;AFGL;YILF;7.270376;99.800000;7.270376;99.800000
YILFTRFFY;9;A_01:01;P0DTD1;2331;2339;99.500000;FLAY;YVLG;5.642414;99.600000;5.642414;99.600000
AIMQLFFSY;9;A_01:01;P0DTD1;2345;2353;99.500000;GLAA;YFAV;5.747635;99.600000;5.747635;99.600000
MYIFFASFY;9;A_01:01;P0DTD1;2383;2391;99.500000;MVRM;YYVW;5.132219;99.500000;5.132219;99.500000
LVAEWFLAY;9;A_01:01;P0DTC1;2323;2331;99.500000;AFGL;YILF;7.270376;99.800000;7.270376;99.800000
YILFTRFFY;9;A_01:01;P0DTC1;2331;2339;99.500000;FLAY;YVLG;5.642414;99.600000;5.642414;99.600000
MFDAYVNTF;9;A_01:01;P0DTD1;2590;2598;99.500000;AVKM;FSST;6.483869;99.800000;6.483869;99.800000
AIMQLFFSY;9;A_01:01;P0DTC1;2345;2353;99.500000;GLAA;YFAV;5.747635;99.600000;5.747635;99.600000
SLDNVLSTF;9;A_01:01;P0DTD1;2625;2633;99.500000;KNVS;FISA;6.194050;99.700000;6.194050;99.700000
MYIFFASFY;9;A_01:01;P0DTC1;2383;2391;99.500000;MVRM;YYVW;5.132219;99.500000;5.132219;99.500000
MFDAYVNTF;9;A_01:01;P0DTC1;2590;2598;99.500000;AVKM;FSST;6.483869;99.800000;6.483869;99.800000
YTPSKLIEY;9;A_01:01;P0DTD1;2897;2905;99.500000;NICY;YTDF;6.648662;99.800000;6.648662;99.800000
SLDNVLSTF;9;A_01:01;P0DTC1;2625;2633;99.500000;KNVS;FISA;6.194050;99.700000;6.194050;99.700000
RPDTRYVLM;9;A_01:01;P0DTD1;2949;2957;99.500000;ESLR;MDGS;5.238658;99.500000;5.238658;99.500000
LMDGSIIQF;9;A_01:01;P0DTD1;2956;2964;99.500000;RYVL;FPNT;8.213419;99.800000;8.213419;99.800000
VVAFNTLLF;9;A_01:01;P0DTD1;3077;3085;99.500000;YSHV;FLMS;5.249141;99.500000;5.249141;99.500000
YTPSKLIEY;9;A_01:01;P0DTC1;2897;2905;99.500000;NICY;YTDF;6.648662;99.800000;6.648662;99.800000
RPDTRYVLM;9;A_01:01;P0DTC1;2949;2957;99.500000;ESLR;MDGS;5.238658;99.500000;5.238658;99.500000
LMDGSIIQF;9;A_01:01;P0DTC1;2956;2964;99.500000;RYVL;FPNT;8.213419;99.800000;8.213419;99.800000
VVAFNTLLF;9;A_01:01;P0DTC1;3077;3085;99.500000;YSHV;FLMS;5.249141;99.500000;5.249141;99.500000
GTDLEGNFY;9;A_01:01;P0DTD1;3437;3445;99.500000;VHAG;YGPF;7.785872;99.800000;7.785872;99.800000
LYENAFLPF;9;A_01:01;P0DTD1;3606;3614;99.500000;FFFL;FAMG;5.205390;99.500000;5.205390;99.500000
TVAYFNMVY;9;A_01:01;P0DTD1;3646;3654;99.500000;SLAT;YMPA;5.214338;99.500000;5.214338;99.500000
GTDLEGNFY;9;A_01:01;P0DTC1;3437;3445;99.500000;VHAG;YGPF;7.785872;99.800000;7.785872;99.800000
LMNVLTLVY;9;A_01:01;P0DTD1;3711;3719;99.500000;VWTL;YKVY;5.262606;99.500000;5.262606;99.500000
LYENAFLPF;9;A_01:01;P0DTC1;3606;3614;99.500000;FFFL;FAMG;5.205390;99.500000;5.205390;99.500000
TVAYFNMVY;9;A_01:01;P0DTC1;3646;3654;99.500000;SLAT;YMPA;5.214338;99.500000;5.214338;99.500000
LMNVLTLVY;9;A_01:01;P0DTC1;3711;3719;99.500000;VWTL;YKVY;5.262606;99.500000;5.262606;99.500000
MADQAMTQM;9;A_01:01;P0DTD1;4004;4012;99.500000;LEKM;MYKQ;6.727633;99.800000;6.727633;99.800000
CTDDNALAY;9;A_01:01;P0DTD1;4163;4171;99.500000;QTAC;YYNT;6.647310;99.800000;6.647310;99.800000
KSDGTGTIY;9;A_01:01;P0DTD1;4198;4206;99.500000;RFPK;YTEL;7.538769;99.800000;7.538769;99.800000
MADQAMTQM;9;A_01:01;P0DTC1;4004;4012;99.500000;LEKM;MYKQ;6.727633;99.800000;6.727633;99.800000
STDVVYRAF;9;A_01:01;P0DTD1;4419;4427;99.500000;TGTS;FDIY;6.064068;99.700000;6.064068;99.700000
CTDDNALAY;9;A_01:01;P0DTC1;4163;4171;99.500000;QTAC;YYNT;6.647310;99.800000;6.647310;99.800000
KSDGTGTIY;9;A_01:01;P0DTC1;4198;4206;99.500000;RFPK;YTEL;7.538769;99.800000;7.538769;99.800000
NQDLNGNWY;9;A_01:01;P0DTD1;4601;4609;99.500000;TLDN;YDFG;7.537506;99.800000;7.537506;99.800000
VVDSYYSLL;9;A_01:01;P0DTD1;4625;4633;99.500000;GVPV;LMPI;5.951261;99.700000;5.951261;99.700000
FTEERLKLF;9;A_01:01;P0DTD1;4667;4675;99.500000;KYDF;FDRY;7.235907;99.800000;7.235907;99.800000
FVDGVPFVV;9;A_01:01;P0DTD1;4726;4734;99.500000;RKIF;VSTG;5.780225;99.700000;5.780225;99.700000
SVELKHFFF;9;A_01:01;P0DTD1;4826;4834;99.500000;EGSS;FAQD;5.875648;99.700000;5.875648;99.700000
ISDYDYYRY;9;A_01:01;P0DTD1;4842;4850;99.500000;NAAI;YNLP;7.175728;99.800000;7.175728;99.800000
MCDIRQLLF;9;A_01:01;P0DTD1;4855;4863;99.500000;LPTM;FVVE;6.134434;99.700000;6.134434;99.700000
YSDVENPHL;9;A_01:01;P0DTD1;4998;5006;99.500000;KTVY;LMGW;5.288462;99.500000;5.288462;99.500000
DTDFVNEFY;9;A_01:01;P0DTD1;5130;5138;99.500000;RDVD;YAYL;7.043321;99.800000;7.043321;99.800000
EYADVFHLY;9;A_01:01;P0DTD1;5268;5276;99.500000;PNQE;YLQY;5.601828;99.600000;5.601828;99.600000
YADVFHLYL;9;A_01:01;P0DTD1;5269;5277;99.500000;NQEY;LQYI;7.534163;99.800000;7.534163;99.800000
MLDMYSVML;9;A_01:01;P0DTD1;5291;5299;99.500000;TGHM;LTND;6.286876;99.800000;6.286876;99.800000
VTDVTQLYL;9;A_01:01;P0DTD1;5381;5389;99.500000;GCDV;LGGM;6.735326;99.800000;6.735326;99.800000
HFAIGLALY;9;A_01:01;P0DTD1;5614;5622;99.500000;GKSH;YYPS;5.167668;99.500000;5.167668;99.500000
FAIGLALYY;9;A_01:01;P0DTD1;5615;5623;99.500000;KSHF;YPSA;6.207973;99.700000;6.207973;99.700000
YYPSARIVY;9;A_01:01;P0DTD1;5622;5630;99.500000;LALY;YTAC;6.085612;99.700000;6.085612;99.700000
LSDRVVFVL;9;A_01:01;P0DTD1;6102;6110;99.500000;LKNL;LWAH;5.748907;99.600000;5.748907;99.600000
MIDVQQWGF;9;A_01:01;P0DTD1;6166;6174;99.500000;NPFM;FTGN;6.271374;99.700000;6.271374;99.700000
LADKFPVLH;9;A_01:01;P0DTD1;6247;6255;99.500000;AALL;HDIG;5.589465;99.600000;5.589465;99.600000
QADVEWKFY;9;A_01:01;P0DTD1;6268;6276;99.500000;CVPQ;YDAQ;5.709566;99.600000;5.709566;99.600000
KIEELFYSY;9;A_01:01;P0DTD1;6287;6295;99.500000;KAYK;YATH;7.275346;99.800000;7.275346;99.800000
RVDGQVDLF;9;A_01:01;P0DTD1;6578;6586;99.500000;FDGR;FRNA;6.826821;99.800000;6.826821;99.800000
KVDGVVQQL;9;A_01:01;P0DTD1;6633;6641;99.500000;YYKK;LPET;5.915733;99.700000;5.915733;99.700000
VVQQLPETY;9;A_01:01;P0DTD1;6637;6645;99.500000;VDGV;YFTQ;5.205584;99.500000;5.205584;99.500000
EIDFLELAM;9;A_01:01;P0DTD1;6662;6670;99.500000;SQME;MDEF;5.508938;99.600000;5.508938;99.600000
AMDEFIERY;9;A_01:01;P0DTD1;6669;6677;99.500000;LELA;YKLE;10.576294;99.800000;10.576294;99.800000
TIDYTEISF;9;A_01:01;P0DTD1;6773;6781;99.500000;VKVT;FMLW;5.572230;99.600000;5.572230;99.600000
LLLQILFAL;9;A_02:01;P0DTG1;2;10;99.500000;__ML;LLQR;6.821048;99.800000;6.821048;99.800000
IVNSVLLFL;9;A_02:01;P0DTC4;13;21;99.500000;GTLI;LAFV;5.820646;99.500000;5.820646;99.500000
FLAFVVFLL;9;A_02:01;P0DTC4;20;28;99.500000;VLLF;LVTL;6.439248;99.700000;6.439248;99.700000
FLLVTLAIL;9;A_02:01;P0DTC4;26;34;99.500000;FVVF;LTAL;5.906231;99.500000;5.906231;99.500000
VLSEARQHL;9;A_02:01;P0DTC1;38;46;99.500000;VEEV;LKDG;6.466501;99.700000;6.466501;99.700000
RLVDPQIQL;9;A_02:01;P0DTD2;13;21;99.500000;PALR;LAVT;6.960510;99.800000;6.960510;99.800000
FVFLVLLPL;9;A_02:01;P0DTC2;2;10;99.500000;__MF;LVSS;6.568322;99.700000;6.568322;99.700000
VMVELVAEL;9;A_02:01;P0DTC1;84;92;99.500000;HGHV;LEGI;7.341787;99.800000;7.341787;99.800000
VLSEARQHL;9;A_02:01;P0DTD1;38;46;99.500000;VEEV;LKDG;6.466501;99.700000;6.466501;99.700000
ATIPIQASL;9;A_02:01;P0DTC3;33;41;99.500000;RATA;LPFG;5.934160;99.500000;5.934160;99.500000
LLLDRLNQL;9;A_02:01;P0DTC9;222;230;99.500000;LALL;LESK;7.297596;99.800000;7.297596;99.800000
FLAFLLFLV;9;A_02:01;P0DTD8;13;21;99.500000;YLCF;VLIM;6.667118;99.800000;6.667118;99.800000
VMVELVAEL;9;A_02:01;P0DTD1;84;92;99.500000;HGHV;LEGI;7.341787;99.800000;7.341787;99.800000
YLQPRTFLL;9;A_02:01;P0DTC2;269;277;99.500000;YVGY;LKYN;7.515549;99.800000;7.515549;99.800000
ILFLALITL;9;A_02:01;P0DTC7;4;12;99.500000;MKII;LATC;6.048714;99.600000;6.048714;99.600000
LVDPQIQLA;9;A_02:01;P0DTD2;14;22;99.500000;ALRL;AVTR;7.124746;99.800000;7.124746;99.800000
KVYPIILRL;9;A_02:01;P0DTD2;40;48;99.500000;VGPK;LGSP;7.210468;99.800000;7.210468;99.800000
FVFPLNSII;9;A_02:01;P0DTD1;273;281;99.500000;CPNF;IKTI;5.796809;99.500000;5.796809;99.500000
LLFLVLIML;9;A_02:01;P0DTD8;17;25;99.500000;LAFL;LIIF;5.937815;99.500000;5.937815;99.500000
TIAEILLII;9;A_02:01;P0DTC6;10;18;99.500000;FQVT;IMRT;6.896977;99.800000;6.896977;99.800000
NLDYIINLI;9;A_02:01;P0DTC6;28;36;99.500000;SIWN;IIKN;6.975065;99.800000;6.975065;99.800000
FVFPLNSII;9;A_02:01;P0DTC1;273;281;99.500000;CPNF;IKTI;5.796809;99.500000;5.796809;99.500000
FLVLIMLII;9;A_02:01;P0DTD8;19;27;99.500000;FLLF;IFWF;6.193206;99.600000;6.193206;99.600000
YLYALVYFL;9;A_02:01;P0DTC3;107;115;99.500000;PFLY;LQSI;7.543581;99.800000;7.543581;99.800000
MLIIFWFSL;9;A_02:01;P0DTD8;24;32;99.500000;VLIM;LELQ;5.776657;99.500000;5.776657;99.500000
YQPYRVVVL;9;A_02:01;P0DTC2;505;513;99.500000;GVGY;LSFE;6.058314;99.600000;6.058314;99.600000
KLNEEIAII;9;A_02:01;P0DTD1;468;476;99.500000;GDFK;ILAS;7.248310;99.800000;7.248310;99.800000
STDTGVEHV;9;A_02:01;P0DTC3;220;228;99.500000;TQLS;VTFF;6.285796;99.700000;6.285796;99.700000
IVDEPEEHV;9;A_02:01;P0DTC3;236;244;99.500000;YNKI;VQIH;7.857871;99.800000;7.857871;99.800000
KLNEEIAII;9;A_02:01;P0DTC1;468;476;99.500000;GDFK;ILAS;7.248310;99.800000;7.248310;99.800000
VVNPVMEPI;9;A_02:01;P0DTC3;255;263;99.500000;SSGV;IYDE;6.032222;99.600000;6.032222;99.600000
FLRDGWEIV;9;A_02:01;P0DTD1;641;649;99.500000;GVEF;VKFI;5.776979;99.500000;5.776979;99.500000
FLRDGWEIV;9;A_02:01;P0DTC1;641;649;99.500000;GVEF;VKFI;5.776979;99.500000;5.776979;99.500000
NTQEVFAQV;9;A_02:01;P0DTC2;777;785;99.500000;QDKN;VKQI;5.853556;99.500000;5.853556;99.500000
AVIKTLQPV;9;A_02:01;P0DTD1;878;886;99.500000;VADA;VSEL;6.118597;99.600000;6.118597;99.600000
VLNDILSRL;9;A_02:01;P0DTC2;976;984;99.500000;ISSV;LDKV;6.691236;99.800000;6.691236;99.800000
AVIKTLQPV;9;A_02:01;P0DTC1;878;886;99.500000;VADA;VSEL;6.118597;99.600000;6.118597;99.600000
TTIQTIVEV;9;A_02:01;P0DTD1;1000;1008;99.500000;NQTT;VQPQ;6.447070;99.700000;6.447070;99.700000
TTIQTIVEV;9;A_02:01;P0DTC1;1000;1008;99.500000;NQTT;VQPQ;6.447070;99.700000;6.447070;99.700000
NLNESLIDL;9;A_02:01;P0DTC2;1192;1200;99.500000;VAKN;LQEL;5.814011;99.500000;5.814011;99.500000
FIAGLIAIV;9;A_02:01;P0DTC2;1220;1228;99.500000;WLGF;VMVT;7.453834;99.800000;7.453834;99.800000
YLATALLTL;9;A_02:01;P0DTD1;1675;1683;99.500000;NNCY;LQQI;5.981456;99.500000;5.981456;99.500000
YLATALLTL;9;A_02:01;P0DTC1;1675;1683;99.500000;NNCY;LQQI;5.981456;99.500000;5.981456;99.500000
FTEQPIDLV;9;A_02:01;P0DTD1;1907;1915;99.500000;NSYF;VPNQ;6.024016;99.600000;6.024016;99.600000
FTEQPIDLV;9;A_02:01;P0DTC1;1907;1915;99.500000;NSYF;VPNQ;6.024016;99.600000;6.024016;99.600000
YMPYFFTLL;9;A_02:01;P0DTD1;2168;2176;99.500000;CTNY;LLQL;6.558011;99.700000;6.558011;99.700000
YMPYFFTLL;9;A_02:01;P0DTC1;2168;2176;99.500000;CTNY;LLQL;6.558011;99.700000;6.558011;99.700000
KLINIIIWF;9;A_02:01;P0DTD1;2225;2233;99.500000;NFSK;FLLL;6.685627;99.800000;6.685627;99.800000
KLINIIIWF;9;A_02:01;P0DTC1;2225;2233;99.500000;NFSK;FLLL;6.685627;99.800000;6.685627;99.800000
LINIIIWFL;9;A_02:01;P0DTD1;2226;2234;99.500000;FSKL;LLLS;6.697368;99.800000;6.697368;99.800000
LINIIIWFL;9;A_02:01;P0DTC1;2226;2234;99.500000;FSKL;LLLS;6.697368;99.800000;6.697368;99.800000
ILFTRFFYV;9;A_02:01;P0DTC1;2332;2340;99.500000;LAYI;VLGL;6.555388;99.700000;6.555388;99.700000
ILFTRFFYV;9;A_02:01;P0DTD1;2332;2340;99.500000;LAYI;VLGL;6.555388;99.700000;6.555388;99.700000
WLMWLIINL;9;A_02:01;P0DTC1;2363;2371;99.500000;SNSW;LVQM;7.100626;99.800000;7.100626;99.800000
WLMWLIINL;9;A_02:01;P0DTD1;2363;2371;99.500000;SNSW;LVQM;7.100626;99.800000;7.100626;99.800000
LMWLIINLV;9;A_02:01;P0DTC1;2364;2372;99.500000;NSWL;VQMA;6.988447;99.800000;6.988447;99.800000
LMWLIINLV;9;A_02:01;P0DTD1;2364;2372;99.500000;NSWL;VQMA;6.988447;99.800000;6.988447;99.800000
FVAAIFYLI;9;A_02:01;P0DTC1;2782;2790;99.500000;VFLF;ITPV;6.338272;99.700000;6.338272;99.700000
AIFYLITPV;9;A_02:01;P0DTC1;2785;2793;99.500000;FVAA;VHVM;5.783891;99.500000;5.783891;99.500000
FVAAIFYLI;9;A_02:01;P0DTD1;2782;2790;99.500000;VFLF;ITPV;6.338272;99.700000;6.338272;99.700000
YLITPVHVM;9;A_02:01;P0DTC1;2788;2796;99.500000;AIFY;MSKH;6.885450;99.800000;6.885450;99.800000
AIFYLITPV;9;A_02:01;P0DTD1;2785;2793;99.500000;FVAA;VHVM;5.783891;99.500000;5.783891;99.500000
YLITPVHVM;9;A_02:01;P0DTD1;2788;2796;99.500000;AIFY;MSKH;6.885450;99.800000;6.885450;99.800000
LMDGSIIQF;9;A_02:01;P0DTC1;2956;2964;99.500000;RYVL;FPNT;6.413110;99.700000;6.413110;99.700000
YLEGSVRVV;9;A_02:01;P0DTC1;2968;2976;99.500000;PNTY;VTTF;6.017018;99.600000;6.017018;99.600000
LMDGSIIQF;9;A_02:01;P0DTD1;2956;2964;99.500000;RYVL;FPNT;6.413110;99.700000;6.413110;99.700000
YLEGSVRVV;9;A_02:01;P0DTD1;2968;2976;99.500000;PNTY;VTTF;6.017018;99.600000;6.017018;99.600000
IVAGGIVAI;9;A_02:01;P0DTC1;3047;3055;99.500000;SASI;IVVT;5.788253;99.500000;5.788253;99.500000
IVAGGIVAI;9;A_02:01;P0DTD1;3047;3055;99.500000;SASI;IVVT;5.788253;99.500000;5.788253;99.500000
FLAHIQWMV;9;A_02:01;P0DTC1;3122;3130;99.500000;DVSF;VMFT;6.816030;99.800000;6.816030;99.800000
FLAHIQWMV;9;A_02:01;P0DTD1;3122;3130;99.500000;DVSF;VMFT;6.816030;99.800000;6.816030;99.800000
MLNPNYEDL;9;A_02:01;P0DTC1;3312;3320;99.500000;SEDM;LLIR;5.772399;99.500000;5.772399;99.500000
MLNPNYEDL;9;A_02:01;P0DTD1;3312;3320;99.500000;SEDM;LLIR;5.772399;99.500000;5.772399;99.500000
ILTSLLVLV;9;A_02:01;P0DTC1;3587;3595;99.500000;LLTI;VQST;6.064576;99.600000;6.064576;99.600000
ILTSLLVLV;9;A_02:01;P0DTD1;3587;3595;99.500000;LLTI;VQST;6.064576;99.600000;6.064576;99.600000
FLLPSLATV;9;A_02:01;P0DTC1;3639;3647;99.500000;LCLF;VAYF;6.901554;99.800000;6.901554;99.800000
FLLPSLATV;9;A_02:01;P0DTD1;3639;3647;99.500000;LCLF;VAYF;6.901554;99.800000;6.901554;99.800000
TLMNVLTLV;9;A_02:01;P0DTC1;3710;3718;99.500000;RVWT;VYKV;6.110156;99.600000;6.110156;99.600000
SMWALIISV;9;A_02:01;P0DTC1;3732;3740;99.500000;QAIS;VTSN;6.862614;99.800000;6.862614;99.800000
TLMNVLTLV;9;A_02:01;P0DTD1;3710;3718;99.500000;RVWT;VYKV;6.110156;99.600000;6.110156;99.600000
FLARGIVFM;9;A_02:01;P0DTC1;3753;3761;99.500000;TVMF;MCVE;6.131977;99.600000;6.131977;99.600000
SMWALIISV;9;A_02:01;P0DTD1;3732;3740;99.500000;QAIS;VTSN;6.862614;99.800000;6.862614;99.800000
FLARGIVFM;9;A_02:01;P0DTD1;3753;3761;99.500000;TVMF;MCVE;6.131977;99.600000;6.131977;99.600000
VLLSVLQQL;9;A_02:01;P0DTC1;3871;3879;99.500000;TSVV;LRVE;6.896338;99.800000;6.896338;99.800000
VLLSVLQQL;9;A_02:01;P0DTD1;3871;3879;99.500000;TSVV;LRVE;6.896338;99.800000;6.896338;99.800000
ALWEIQQVV;9;A_02:01;P0DTC1;4094;4102;99.500000;YASA;VDAD;8.359899;99.800000;8.359899;99.800000
ALWEIQQVV;9;A_02:01;P0DTD1;4094;4102;99.500000;YASA;VDAD;8.359899;99.800000;8.359899;99.800000
NLIDSYFVV;9;A_02:01;P0DTD1;4456;4464;99.500000;EDDN;VKRH;5.997293;99.600000;5.997293;99.600000
TMADLVYAL;9;A_02:01;P0DTD1;4515;4523;99.500000;TKYT;LRHF;6.889609;99.800000;6.889609;99.800000
FVDGVPFVV;9;A_02:01;P0DTD1;4726;4734;99.500000;RKIF;VSTG;7.333018;99.800000;7.333018;99.800000
FVNEFYAYL;9;A_02:01;P0DTD1;5133;5141;99.500000;DTDF;LRKH;7.001618;99.800000;7.001618;99.800000
LMIERFVSL;9;A_02:01;P0DTD1;5246;5254;99.500000;DGTL;LAID;7.701759;99.800000;7.701759;99.800000
VLSDRELHL;9;A_02:01;P0DTD1;5481;5489;99.500000;VREV;LSWE;6.246182;99.600000;6.246182;99.600000
NLSDRVVFV;9;A_02:01;P0DTD1;6101;6109;99.500000;TLKN;VLWA;6.464967;99.700000;6.464967;99.700000
LLADKFPVL;9;A_02:01;P0DTD1;6246;6254;99.500000;KAAL;LHDI;6.910173;99.800000;6.910173;99.800000
KVDGVVQQL;9;A_02:01;P0DTD1;6633;6641;99.500000;YYKK;LPET;6.942354;99.800000;6.942354;99.800000
AMDEFIERY;9;A_02:01;P0DTD1;6669;6677;99.500000;LELA;YKLE;6.011036;99.600000;6.011036;99.600000
LLLDDFVEI;9;A_02:01;P0DTD1;6749;6757;99.500000;VIDL;IIKS;5.970808;99.500000;5.970808;99.500000
LLDDFVEII;9;A_02:01;P0DTD1;6750;6758;99.500000;IDLL;IKSQ;8.777948;99.800000;8.777948;99.800000
