Peptide;Length;Allele;Protein;RawScore;RawScorePercentile;LengthCorrectedScore;LengthCorrectedScorePercentile
RVDWTIEYPI;10;A_02:01;PEPTIDE;7.087756;99.800000;5.870230;99.500000
WLMWLIINL;9;A_02:01;PEPTIDE;7.100626;99.800000;7.100626;99.800000
FVFPLNSII;9;A_02:01;PEPTIDE;5.796809;99.500000;5.796809;99.500000
LMIERFVSL;9;A_02:01;PEPTIDE;7.701759;99.800000;7.701759;99.800000
LLLQILFAL;9;A_02:01;PEPTIDE;6.821048;99.800000;6.821048;99.800000
FLLPSLATV;9;A_02:01;PEPTIDE;6.901554;99.800000;6.901554;99.800000
VMVELVAEL;9;A_02:01;PEPTIDE;7.341787;99.800000;7.341787;99.800000
ILDGISQYSL;10;A_02:01;PEPTIDE;7.830253;99.800000;6.612727;99.800000
IMLIIFWFSL;10;A_02:01;PEPTIDE;7.328222;99.800000;6.110697;99.600000
TTIQTIVEV;9;A_02:01;PEPTIDE;6.447070;99.700000;6.447070;99.700000
IVDEPEEHV;9;A_02:01;PEPTIDE;7.857871;99.800000;7.857871;99.800000
FTEQPIDLV;9;A_02:01;PEPTIDE;6.024016;99.600000;6.024016;99.600000
LVDPQIQLAV;10;A_02:01;PEPTIDE;8.737649;99.800000;7.520124;99.800000
YQPYRVVVL;9;A_02:01;PEPTIDE;6.058314;99.600000;6.058314;99.600000
STDTGVEHV;9;A_02:01;PEPTIDE;6.285796;99.700000;6.285796;99.700000
LLLDRLNQL;9;A_02:01;PEPTIDE;7.297596;99.800000;7.297596;99.800000
NLNESLIDL;9;A_02:01;PEPTIDE;5.814011;99.500000;5.814011;99.500000
KLINIIIWF;9;A_02:01;PEPTIDE;6.685627;99.800000;6.685627;99.800000
FLARGIVFM;9;A_02:01;PEPTIDE;6.131977;99.600000;6.131977;99.600000
LMDGSIIQF;9;A_02:01;PEPTIDE;6.413110;99.700000;6.413110;99.700000
YLATALLTL;9;A_02:01;PEPTIDE;5.981456;99.500000;5.981456;99.500000
AIFYLITPV;9;A_02:01;PEPTIDE;5.783891;99.500000;5.783891;99.500000
IVNSVLLFL;9;A_02:01;PEPTIDE;5.820646;99.500000;5.820646;99.500000
AVIKTLQPV;9;A_02:01;PEPTIDE;6.118597;99.600000;6.118597;99.600000
TLMNVLTLV;9;A_02:01;PEPTIDE;6.110156;99.600000;6.110156;99.600000
YLITPVHVM;9;A_02:01;PEPTIDE;6.885450;99.800000;6.885450;99.800000
KLNEEIAII;9;A_02:01;PEPTIDE;7.248310;99.800000;7.248310;99.800000
YLEGSVRVV;9;A_02:01;PEPTIDE;6.017018;99.600000;6.017018;99.600000
FLAFVVFLL;9;A_02:01;PEPTIDE;6.439248;99.700000;6.439248;99.700000
YLITPVHVM;9;A_02:01;PEPTIDE;6.885450;99.800000;6.885450;99.800000
KLNEEIAII;9;A_02:01;PEPTIDE;7.248310;99.800000;7.248310;99.800000
FVFPLNSII;9;A_02:01;PEPTIDE;5.796809;99.500000;5.796809;99.500000
SMWALIISV;9;A_02:01;PEPTIDE;6.862614;99.800000;6.862614;99.800000
LINIIIWFL;9;A_02:01;PEPTIDE;6.697368;99.800000;6.697368;99.800000
LMWLIINLV;9;A_02:01;PEPTIDE;6.988447;99.800000;6.988447;99.800000
ALWEIQQVV;9;A_02:01;PEPTIDE;8.359899;99.800000;8.359899;99.800000
FLLVTLAIL;9;A_02:01;PEPTIDE;5.906231;99.500000;5.906231;99.500000
FVAAIFYLI;9;A_02:01;PEPTIDE;6.338272;99.700000;6.338272;99.700000
VLSEARQHL;9;A_02:01;PEPTIDE;6.466501;99.700000;6.466501;99.700000
VLLSVLQQL;9;A_02:01;PEPTIDE;6.896338;99.800000;6.896338;99.800000
VVNPVMEPI;9;A_02:01;PEPTIDE;6.032222;99.600000;6.032222;99.600000
LMDGSIIQF;9;A_02:01;PEPTIDE;6.413110;99.700000;6.413110;99.700000
KLINIIIWF;9;A_02:01;PEPTIDE;6.685627;99.800000;6.685627;99.800000
FIAGLIAIV;9;A_02:01;PEPTIDE;7.453834;99.800000;7.453834;99.800000
YIINLIIKNL;10;A_02:01;PEPTIDE;7.320849;99.800000;6.103324;99.600000
ILDGISQYSL;10;A_02:01;PEPTIDE;7.830253;99.800000;6.612727;99.800000
TIAEILLII;9;A_02:01;PEPTIDE;6.896977;99.800000;6.896977;99.800000
IVAGGIVAI;9;A_02:01;PEPTIDE;5.788253;99.500000;5.788253;99.500000
TMADLVYAL;9;A_02:01;PEPTIDE;6.889609;99.800000;6.889609;99.800000
FLRDGWEIV;9;A_02:01;PEPTIDE;5.776979;99.500000;5.776979;99.500000
LLADKFPVL;9;A_02:01;PEPTIDE;6.910173;99.800000;6.910173;99.800000
VLLSVLQQL;9;A_02:01;PEPTIDE;6.896338;99.800000;6.896338;99.800000
FVNEFYAYL;9;A_02:01;PEPTIDE;7.001618;99.800000;7.001618;99.800000
FIEDLLFNKV;10;A_02:01;PEPTIDE;7.352990;99.800000;6.135465;99.600000
LINIIIWFL;9;A_02:01;PEPTIDE;6.697368;99.800000;6.697368;99.800000
LVDPQIQLA;9;A_02:01;PEPTIDE;7.124746;99.800000;7.124746;99.800000
YIIKLIFLWL;10;A_02:01;PEPTIDE;7.850097;99.800000;6.632571;99.800000
FLAHIQWMV;9;A_02:01;PEPTIDE;6.816030;99.800000;6.816030;99.800000
FVAAIFYLI;9;A_02:01;PEPTIDE;6.338272;99.700000;6.338272;99.700000
ILTSLLVLV;9;A_02:01;PEPTIDE;6.064576;99.600000;6.064576;99.600000
LLLDDFVEI;9;A_02:01;PEPTIDE;5.970808;99.500000;5.970808;99.500000
KLNEEIAIIL;10;A_02:01;PEPTIDE;7.766604;99.800000;6.549079;99.700000
ALWEIQQVV;9;A_02:01;PEPTIDE;8.359899;99.800000;8.359899;99.800000
AVIKTLQPV;9;A_02:01;PEPTIDE;6.118597;99.600000;6.118597;99.600000
KLINIIIWFL;10;A_02:01;PEPTIDE;8.934207;99.800000;7.716681;99.800000
KLNEEIAIIL;10;A_02:01;PEPTIDE;7.766604;99.800000;6.549079;99.700000
AIFYLITPV;9;A_02:01;PEPTIDE;5.783891;99.500000;5.783891;99.500000
MLNPNYEDL;9;A_02:01;PEPTIDE;5.772399;99.500000;5.772399;99.500000
NLIDSYFVV;9;A_02:01;PEPTIDE;5.997293;99.600000;5.997293;99.600000
KVYPIILRL;9;A_02:01;PEPTIDE;7.210468;99.800000;7.210468;99.800000
YMPYFFTLL;9;A_02:01;PEPTIDE;6.558011;99.700000;6.558011;99.700000
MLIIFWFSL;9;A_02:01;PEPTIDE;5.776657;99.500000;5.776657;99.500000
VMVELVAEL;9;A_02:01;PEPTIDE;7.341787;99.800000;7.341787;99.800000
YLATALLTL;9;A_02:01;PEPTIDE;5.981456;99.500000;5.981456;99.500000
NTQEVFAQV;9;A_02:01;PEPTIDE;5.853556;99.500000;5.853556;99.500000
FTEQPIDLV;9;A_02:01;PEPTIDE;6.024016;99.600000;6.024016;99.600000
TLMNVLTLV;9;A_02:01;PEPTIDE;6.110156;99.600000;6.110156;99.600000
FVFLVLLPL;9;A_02:01;PEPTIDE;6.568322;99.700000;6.568322;99.700000
LMWLIINLV;9;A_02:01;PEPTIDE;6.988447;99.800000;6.988447;99.800000
IVAGGIVAI;9;A_02:01;PEPTIDE;5.788253;99.500000;5.788253;99.500000
FLRDGWEIV;9;A_02:01;PEPTIDE;5.776979;99.500000;5.776979;99.500000
WLMWLIINLV;10;A_02:01;PEPTIDE;7.037465;99.800000;5.819939;99.500000
FLVLIMLII;9;A_02:01;PEPTIDE;6.193206;99.600000;6.193206;99.600000
FLMSFTVLCL;10;A_02:01;PEPTIDE;7.229929;99.800000;6.012403;99.600000
NLDYIINLI;9;A_02:01;PEPTIDE;6.975065;99.800000;6.975065;99.800000
SMWALIISV;9;A_02:01;PEPTIDE;6.862614;99.800000;6.862614;99.800000
FVDGVPFVV;9;A_02:01;PEPTIDE;7.333018;99.800000;7.333018;99.800000
KVDGVVQQL;9;A_02:01;PEPTIDE;6.942354;99.800000;6.942354;99.800000
YLQPRTFLL;9;A_02:01;PEPTIDE;7.515549;99.800000;7.515549;99.800000
TTIQTIVEV;9;A_02:01;PEPTIDE;6.447070;99.700000;6.447070;99.700000
FLAHIQWMV;9;A_02:01;PEPTIDE;6.816030;99.800000;6.816030;99.800000
FLARGIVFM;9;A_02:01;PEPTIDE;6.131977;99.600000;6.131977;99.600000
AMDEFIERY;9;A_02:01;PEPTIDE;6.011036;99.600000;6.011036;99.600000
VLNDILSRL;9;A_02:01;PEPTIDE;6.691236;99.800000;6.691236;99.800000
YMPYFFTLL;9;A_02:01;PEPTIDE;6.558011;99.700000;6.558011;99.700000
VLSDRELHL;9;A_02:01;PEPTIDE;6.246182;99.600000;6.246182;99.600000
YQHEETIYNL;10;A_02:01;PEPTIDE;7.155352;99.800000;5.937826;99.500000
VLSEARQHL;9;A_02:01;PEPTIDE;6.466501;99.700000;6.466501;99.700000
ILFTRFFYV;9;A_02:01;PEPTIDE;6.555388;99.700000;6.555388;99.700000
NLSDRVVFV;9;A_02:01;PEPTIDE;6.464967;99.700000;6.464967;99.700000
LLFLVLIML;9;A_02:01;PEPTIDE;5.937815;99.500000;5.937815;99.500000
MLNPNYEDL;9;A_02:01;PEPTIDE;5.772399;99.500000;5.772399;99.500000
ILFLALITL;9;A_02:01;PEPTIDE;6.048714;99.600000;6.048714;99.600000
FMIDVQQWGF;10;A_02:01;PEPTIDE;7.305335;99.800000;6.087809;99.600000
WLMWLIINLV;10;A_02:01;PEPTIDE;7.037465;99.800000;5.819939;99.500000
YLEGSVRVV;9;A_02:01;PEPTIDE;6.017018;99.600000;6.017018;99.600000
ILFTRFFYV;9;A_02:01;PEPTIDE;6.555388;99.700000;6.555388;99.700000
LLDDFVEII;9;A_02:01;PEPTIDE;8.777948;99.800000;8.777948;99.800000
FLMSFTVLCL;10;A_02:01;PEPTIDE;7.229929;99.800000;6.012403;99.600000
ATIPIQASL;9;A_02:01;PEPTIDE;5.934160;99.500000;5.934160;99.500000
WLMWLIINL;9;A_02:01;PEPTIDE;7.100626;99.800000;7.100626;99.800000
ILTSLLVLV;9;A_02:01;PEPTIDE;6.064576;99.600000;6.064576;99.600000
FLLPSLATV;9;A_02:01;PEPTIDE;6.901554;99.800000;6.901554;99.800000
KLINIIIWFL;10;A_02:01;PEPTIDE;8.934207;99.800000;7.716681;99.800000
YLYALVYFL;9;A_02:01;PEPTIDE;7.543581;99.800000;7.543581;99.800000
RLVDPQIQL;9;A_02:01;PEPTIDE;6.960510;99.800000;6.960510;99.800000
FLAFLLFLV;9;A_02:01;PEPTIDE;6.667118;99.800000;6.667118;99.800000
