Peptide;Length;Allele;Protein;Start;End;SelectedThres;upstream;downstream;RawScore;RawScorePercentile;LengthCorrectedScore;LengthCorrectedScorePercentile
FLAFLLFLV;9;A_02:01;P0DTD8;13;21;99.500000;YLCF;VLIM;6.667118;99.800000;6.667118;99.800000
VLSEARQHL;9;A_02:01;P0DTD1;38;46;99.500000;VEEV;LKDG;6.466501;99.700000;6.466501;99.700000
RLVDPQIQL;9;A_02:01;P0DTD2;13;21;99.500000;PALR;LAVT;6.960510;99.800000;6.960510;99.800000
LVDPQIQLA;9;A_02:01;P0DTD2;14;22;99.500000;ALRL;AVTR;7.124746;99.800000;7.124746;99.800000
ATIPIQASL;9;A_02:01;P0DTC3;33;41;99.500000;RATA;LPFG;5.934160;99.500000;5.934160;99.500000
KVYPIILRL;9;A_02:01;P0DTD2;40;48;99.500000;VGPK;LGSP;7.210468;99.800000;7.210468;99.800000
IVNSVLLFL;9;A_02:01;P0DTC4;13;21;99.500000;GTLI;LAFV;5.820646;99.500000;5.820646;99.500000
FLAFVVFLL;9;A_02:01;P0DTC4;20;28;99.500000;VLLF;LVTL;6.439248;99.700000;6.439248;99.700000
FLLVTLAIL;9;A_02:01;P0DTC4;26;34;99.500000;FVVF;LTAL;5.906231;99.500000;5.906231;99.500000
TIAEILLII;9;A_02:01;P0DTC6;10;18;99.500000;FQVT;IMRT;6.896977;99.800000;6.896977;99.800000
VLSEARQHL;9;A_02:01;P0DTC1;38;46;99.500000;VEEV;LKDG;6.466501;99.700000;6.466501;99.700000
NLDYIINLI;9;A_02:01;P0DTC6;28;36;99.500000;SIWN;IIKN;6.975065;99.800000;6.975065;99.800000
LLLQILFAL;9;A_02:01;P0DTG1;2;10;99.500000;__ML;LLQR;6.821048;99.800000;6.821048;99.800000
VMVELVAEL;9;A_02:01;P0DTC1;84;92;99.500000;HGHV;LEGI;7.341787;99.800000;7.341787;99.800000
VMVELVAEL;9;A_02:01;P0DTD1;84;92;99.500000;HGHV;LEGI;7.341787;99.800000;7.341787;99.800000
LLFLVLIML;9;A_02:01;P0DTD8;17;25;99.500000;LAFL;LIIF;5.937815;99.500000;5.937815;99.500000
FLVLIMLII;9;A_02:01;P0DTD8;19;27;99.500000;FLLF;IFWF;6.193206;99.600000;6.193206;99.600000
LLLDRLNQL;9;A_02:01;P0DTC9;222;230;99.500000;LALL;LESK;7.297596;99.800000;7.297596;99.800000
YLYALVYFL;9;A_02:01;P0DTC3;107;115;99.500000;PFLY;LQSI;7.543581;99.800000;7.543581;99.800000
ILFLALITL;9;A_02:01;P0DTC7;4;12;99.500000;MKII;LATC;6.048714;99.600000;6.048714;99.600000
MLIIFWFSL;9;A_02:01;P0DTD8;24;32;99.500000;VLIM;LELQ;5.776657;99.500000;5.776657;99.500000
FVFLVLLPL;9;A_02:01;P0DTC2;2;10;99.500000;__MF;LVSS;6.568322;99.700000;6.568322;99.700000
FVFPLNSII;9;A_02:01;P0DTD1;273;281;99.500000;CPNF;IKTI;5.796809;99.500000;5.796809;99.500000
FVFPLNSII;9;A_02:01;P0DTC1;273;281;99.500000;CPNF;IKTI;5.796809;99.500000;5.796809;99.500000
STDTGVEHV;9;A_02:01;P0DTC3;220;228;99.500000;TQLS;VTFF;6.285796;99.700000;6.285796;99.700000
IVDEPEEHV;9;A_02:01;P0DTC3;236;244;99.500000;YNKI;VQIH;7.857871;99.800000;7.857871;99.800000
VVNPVMEPI;9;A_02:01;P0DTC3;255;263;99.500000;SSGV;IYDE;6.032222;99.600000;6.032222;99.600000
KLNEEIAII;9;A_02:01;P0DTD1;468;476;99.500000;GDFK;ILAS;7.248310;99.800000;7.248310;99.800000
KLNEEIAII;9;A_02:01;P0DTC1;468;476;99.500000;GDFK;ILAS;7.248310;99.800000;7.248310;99.800000
YLQPRTFLL;9;A_02:01;P0DTC2;269;277;99.500000;YVGY;LKYN;7.515549;99.800000;7.515549;99.800000
FLRDGWEIV;9;A_02:01;P0DTD1;641;649;99.500000;GVEF;VKFI;5.776979;99.500000;5.776979;99.500000
FLRDGWEIV;9;A_02:01;P0DTC1;641;649;99.500000;GVEF;VKFI;5.776979;99.500000;5.776979;99.500000
YQPYRVVVL;9;A_02:01;P0DTC2;505;513;99.500000;GVGY;LSFE;6.058314;99.600000;6.058314;99.600000
AVIKTLQPV;9;A_02:01;P0DTD1;878;886;99.500000;VADA;VSEL;6.118597;99.600000;6.118597;99.600000
AVIKTLQPV;9;A_02:01;P0DTC1;878;886;99.500000;VADA;VSEL;6.118597;99.600000;6.118597;99.600000
TTIQTIVEV;9;A_02:01;P0DTD1;1000;1008;99.500000;NQTT;VQPQ;6.447070;99.700000;6.447070;99.700000
TTIQTIVEV;9;A_02:01;P0DTC1;1000;1008;99.500000;NQTT;VQPQ;6.447070;99.700000;6.447070;99.700000
NTQEVFAQV;9;A_02:01;P0DTC2;777;785;99.500000;QDKN;VKQI;5.853556;99.500000;5.853556;99.500000
VLNDILSRL;9;A_02:01;P0DTC2;976;984;99.500000;ISSV;LDKV;6.691236;99.800000;6.691236;99.800000
NLNESLIDL;9;A_02:01;P0DTC2;1192;1200;99.500000;VAKN;LQEL;5.814011;99.500000;5.814011;99.500000
FIAGLIAIV;9;A_02:01;P0DTC2;1220;1228;99.500000;WLGF;VMVT;7.453834;99.800000;7.453834;99.800000
YLATALLTL;9;A_02:01;P0DTD1;1675;1683;99.500000;NNCY;LQQI;5.981456;99.500000;5.981456;99.500000
YLATALLTL;9;A_02:01;P0DTC1;1675;1683;99.500000;NNCY;LQQI;5.981456;99.500000;5.981456;99.500000
FTEQPIDLV;9;A_02:01;P0DTD1;1907;1915;99.500000;NSYF;VPNQ;6.024016;99.600000;6.024016;99.600000
FTEQPIDLV;9;A_02:01;P0DTC1;1907;1915;99.500000;NSYF;VPNQ;6.024016;99.600000;6.024016;99.600000
YMPYFFTLL;9;A_02:01;P0DTD1;2168;2176;99.500000;CTNY;LLQL;6.558011;99.700000;6.558011;99.700000
YMPYFFTLL;9;A_02:01;P0DTC1;2168;2176;99.500000;CTNY;LLQL;6.558011;99.700000;6.558011;99.700000
KLINIIIWF;9;A_02:01;P0DTD1;2225;2233;99.500000;NFSK;FLLL;6.685627;99.800000;6.685627;99.800000
LINIIIWFL;9;A_02:01;P0DTD1;2226;2234;99.500000;FSKL;LLLS;6.697368;99.800000;6.697368;99.800000
KLINIIIWF;9;A_02:01;P0DTC1;2225;2233;99.500000;NFSK;FLLL;6.685627;99.800000;6.685627;99.800000
LINIIIWFL;9;A_02:01;P0DTC1;2226;2234;99.500000;FSKL;LLLS;6.697368;99.800000;6.697368;99.800000
ILFTRFFYV;9;A_02:01;P0DTD1;2332;2340;99.500000;LAYI;VLGL;6.555388;99.700000;6.555388;99.700000
ILFTRFFYV;9;A_02:01;P0DTC1;2332;2340;99.500000;LAYI;VLGL;6.555388;99.700000;6.555388;99.700000
WLMWLIINL;9;A_02:01;P0DTD1;2363;2371;99.500000;SNSW;LVQM;7.100626;99.800000;7.100626;99.800000
WLMWLIINL;9;A_02:01;P0DTC1;2363;2371;99.500000;SNSW;LVQM;7.100626;99.800000;7.100626;99.800000
LMWLIINLV;9;A_02:01;P0DTC1;2364;2372;99.500000;NSWL;VQMA;6.988447;99.800000;6.988447;99.800000
LMWLIINLV;9;A_02:01;P0DTD1;2364;2372;99.500000;NSWL;VQMA;6.988447;99.800000;6.988447;99.800000
FVAAIFYLI;9;A_02:01;P0DTC1;2782;2790;99.500000;VFLF;ITPV;6.338272;99.700000;6.338272;99.700000
AIFYLITPV;9;A_02:01;P0DTC1;2785;2793;99.500000;FVAA;VHVM;5.783891;99.500000;5.783891;99.500000
YLITPVHVM;9;A_02:01;P0DTC1;2788;2796;99.500000;AIFY;MSKH;6.885450;99.800000;6.885450;99.800000
FVAAIFYLI;9;A_02:01;P0DTD1;2782;2790;99.500000;VFLF;ITPV;6.338272;99.700000;6.338272;99.700000
AIFYLITPV;9;A_02:01;P0DTD1;2785;2793;99.500000;FVAA;VHVM;5.783891;99.500000;5.783891;99.500000
YLITPVHVM;9;A_02:01;P0DTD1;2788;2796;99.500000;AIFY;MSKH;6.885450;99.800000;6.885450;99.800000
LMDGSIIQF;9;A_02:01;P0DTC1;2956;2964;99.500000;RYVL;FPNT;6.413110;99.700000;6.413110;99.700000
YLEGSVRVV;9;A_02:01;P0DTC1;2968;2976;99.500000;PNTY;VTTF;6.017018;99.600000;6.017018;99.600000
LMDGSIIQF;9;A_02:01;P0DTD1;2956;2964;99.500000;RYVL;FPNT;6.413110;99.700000;6.413110;99.700000
YLEGSVRVV;9;A_02:01;P0DTD1;2968;2976;99.500000;PNTY;VTTF;6.017018;99.600000;6.017018;99.600000
IVAGGIVAI;9;A_02:01;P0DTC1;3047;3055;99.500000;SASI;IVVT;5.788253;99.500000;5.788253;99.500000
IVAGGIVAI;9;A_02:01;P0DTD1;3047;3055;99.500000;SASI;IVVT;5.788253;99.500000;5.788253;99.500000
FLAHIQWMV;9;A_02:01;P0DTC1;3122;3130;99.500000;DVSF;VMFT;6.816030;99.800000;6.816030;99.800000
FLAHIQWMV;9;A_02:01;P0DTD1;3122;3130;99.500000;DVSF;VMFT;6.816030;99.800000;6.816030;99.800000
MLNPNYEDL;9;A_02:01;P0DTC1;3312;3320;99.500000;SEDM;LLIR;5.772399;99.500000;5.772399;99.500000
MLNPNYEDL;9;A_02:01;P0DTD1;3312;3320;99.500000;SEDM;LLIR;5.772399;99.500000;5.772399;99.500000
ILTSLLVLV;9;A_02:01;P0DTC1;3587;3595;99.500000;LLTI;VQST;6.064576;99.600000;6.064576;99.600000
ILTSLLVLV;9;A_02:01;P0DTD1;3587;3595;99.500000;LLTI;VQST;6.064576;99.600000;6.064576;99.600000
FLLPSLATV;9;A_02:01;P0DTC1;3639;3647;99.500000;LCLF;VAYF;6.901554;99.800000;6.901554;99.800000
FLLPSLATV;9;A_02:01;P0DTD1;3639;3647;99.500000;LCLF;VAYF;6.901554;99.800000;6.901554;99.800000
TLMNVLTLV;9;A_02:01;P0DTC1;3710;3718;99.500000;RVWT;VYKV;6.110156;99.600000;6.110156;99.600000
SMWALIISV;9;A_02:01;P0DTC1;3732;3740;99.500000;QAIS;VTSN;6.862614;99.800000;6.862614;99.800000
TLMNVLTLV;9;A_02:01;P0DTD1;3710;3718;99.500000;RVWT;VYKV;6.110156;99.600000;6.110156;99.600000
FLARGIVFM;9;A_02:01;P0DTC1;3753;3761;99.500000;TVMF;MCVE;6.131977;99.600000;6.131977;99.600000
SMWALIISV;9;A_02:01;P0DTD1;3732;3740;99.500000;QAIS;VTSN;6.862614;99.800000;6.862614;99.800000
FLARGIVFM;9;A_02:01;P0DTD1;3753;3761;99.500000;TVMF;MCVE;6.131977;99.600000;6.131977;99.600000
VLLSVLQQL;9;A_02:01;P0DTC1;3871;3879;99.500000;TSVV;LRVE;6.896338;99.800000;6.896338;99.800000
VLLSVLQQL;9;A_02:01;P0DTD1;3871;3879;99.500000;TSVV;LRVE;6.896338;99.800000;6.896338;99.800000
ALWEIQQVV;9;A_02:01;P0DTC1;4094;4102;99.500000;YASA;VDAD;8.359899;99.800000;8.359899;99.800000
ALWEIQQVV;9;A_02:01;P0DTD1;4094;4102;99.500000;YASA;VDAD;8.359899;99.800000;8.359899;99.800000
NLIDSYFVV;9;A_02:01;P0DTD1;4456;4464;99.500000;EDDN;VKRH;5.997293;99.600000;5.997293;99.600000
TMADLVYAL;9;A_02:01;P0DTD1;4515;4523;99.500000;TKYT;LRHF;6.889609;99.800000;6.889609;99.800000
FVDGVPFVV;9;A_02:01;P0DTD1;4726;4734;99.500000;RKIF;VSTG;7.333018;99.800000;7.333018;99.800000
FVNEFYAYL;9;A_02:01;P0DTD1;5133;5141;99.500000;DTDF;LRKH;7.001618;99.800000;7.001618;99.800000
LMIERFVSL;9;A_02:01;P0DTD1;5246;5254;99.500000;DGTL;LAID;7.701759;99.800000;7.701759;99.800000
VLSDRELHL;9;A_02:01;P0DTD1;5481;5489;99.500000;VREV;LSWE;6.246182;99.600000;6.246182;99.600000
NLSDRVVFV;9;A_02:01;P0DTD1;6101;6109;99.500000;TLKN;VLWA;6.464967;99.700000;6.464967;99.700000
LLADKFPVL;9;A_02:01;P0DTD1;6246;6254;99.500000;KAAL;LHDI;6.910173;99.800000;6.910173;99.800000
KVDGVVQQL;9;A_02:01;P0DTD1;6633;6641;99.500000;YYKK;LPET;6.942354;99.800000;6.942354;99.800000
AMDEFIERY;9;A_02:01;P0DTD1;6669;6677;99.500000;LELA;YKLE;6.011036;99.600000;6.011036;99.600000
LLLDDFVEI;9;A_02:01;P0DTD1;6749;6757;99.500000;VIDL;IIKS;5.970808;99.500000;5.970808;99.500000
LLDDFVEII;9;A_02:01;P0DTD1;6750;6758;99.500000;IDLL;IKSQ;8.777948;99.800000;8.777948;99.800000
